--------------------------------------------------------------------------------
Release 14.7 Trace  (nt64)
Copyright (c) 1995-2013 Xilinx, Inc.  All rights reserved.

C:\Xilinx\14.7\ISE_DS\ISE\bin\nt64\unwrapped\trce.exe -intstyle ise -v 3 -s 3
-n 3 -fastpaths -xml bank_vault_lock_controller.twx
bank_vault_lock_controller.ncd -o bank_vault_lock_controller.twr
bank_vault_lock_controller.pcf -ucf bank_vault_lock_controller.ucf

Design file:              bank_vault_lock_controller.ncd
Physical constraint file: bank_vault_lock_controller.pcf
Device,package,speed:     xc6slx9,tqg144,C,-3 (PRODUCTION 1.23 2013-10-13)
Report level:             verbose report

Environment Variable      Effect 
--------------------      ------ 
NONE                      No environment variables were set
--------------------------------------------------------------------------------

INFO:Timing:3412 - To improve timing, see the Timing Closure User Guide (UG612).
INFO:Timing:2752 - To get complete path coverage, use the unconstrained paths 
   option. All paths that are not constrained will be reported in the 
   unconstrained paths section(s) of the report.
INFO:Timing:3339 - The clock-to-out numbers in this timing report are based on 
   a 50 Ohm transmission line loading model.  For the details of this model, 
   and for more information on accounting for different loading conditions, 
   please see the device datasheet.

================================================================================
Timing constraint: TS_clk_12mhz = PERIOD TIMEGRP "clk_12mhz" 83.33 ns HIGH 50%;
For more information, see Period Analysis in the Timing Closure User Guide (UG612).

 829 paths analyzed, 120 endpoints analyzed, 0 failing endpoints
 0 timing errors detected. (0 setup errors, 0 hold errors, 0 component switching limit errors)
 Minimum period is   3.045ns.
--------------------------------------------------------------------------------

Paths for end point U0/count_20 (SLICE_X6Y40.D5), 21 paths
--------------------------------------------------------------------------------
Slack (setup path):     80.285ns (requirement - (data path - clock path skew + uncertainty))
  Source:               U0/count_1 (FF)
  Destination:          U0/count_20 (FF)
  Requirement:          83.330ns
  Data Path Delay:      2.996ns (Levels of Logic = 7)
  Clock Path Skew:      -0.014ns (0.267 - 0.281)
  Source Clock:         clk_BUFGP rising at 0.000ns
  Destination Clock:    clk_BUFGP rising at 83.330ns
  Clock Uncertainty:    0.035ns

  Clock Uncertainty:          0.035ns  ((TSJ^2 + TIJ^2)^1/2 + DJ) / 2 + PE
    Total System Jitter (TSJ):  0.070ns
    Total Input Jitter (TIJ):   0.000ns
    Discrete Jitter (DJ):       0.000ns
    Phase Error (PE):           0.000ns

  Maximum Data Path at Slow Process Corner: U0/count_1 to U0/count_20
    Location             Delay type         Delay(ns)  Physical Resource
                                                       Logical Resource(s)
    -------------------------------------------------  -------------------
    SLICE_X9Y36.BQ       Tcko                  0.391   U0/count<3>
                                                       U0/count_1
    SLICE_X8Y36.B1       net (fanout=3)        0.640   U0/count<1>
    SLICE_X8Y36.COUT     Topcyb                0.380   U0/Mcount_count_cy<3>
                                                       U0/count<1>_rt
                                                       U0/Mcount_count_cy<3>
    SLICE_X8Y37.CIN      net (fanout=1)        0.003   U0/Mcount_count_cy<3>
    SLICE_X8Y37.COUT     Tbyp                  0.076   U0/Mcount_count_cy<7>
                                                       U0/Mcount_count_cy<7>
    SLICE_X8Y38.CIN      net (fanout=1)        0.003   U0/Mcount_count_cy<7>
    SLICE_X8Y38.COUT     Tbyp                  0.076   U0/Mcount_count_cy<11>
                                                       U0/Mcount_count_cy<11>
    SLICE_X8Y39.CIN      net (fanout=1)        0.003   U0/Mcount_count_cy<11>
    SLICE_X8Y39.COUT     Tbyp                  0.076   U0/Mcount_count_cy<15>
                                                       U0/Mcount_count_cy<15>
    SLICE_X8Y40.CIN      net (fanout=1)        0.082   U0/Mcount_count_cy<15>
    SLICE_X8Y40.COUT     Tbyp                  0.076   U0/Mcount_count_cy<19>
                                                       U0/Mcount_count_cy<19>
    SLICE_X8Y41.CIN      net (fanout=1)        0.003   U0/Mcount_count_cy<19>
    SLICE_X8Y41.AMUX     Tcina                 0.202   Result<22>
                                                       U0/Mcount_count_xor<22>
    SLICE_X6Y40.D5       net (fanout=1)        0.644   Result<20>
    SLICE_X6Y40.CLK      Tas                   0.341   U0/count<20>
                                                       U0/count_20_rstpot
                                                       U0/count_20
    -------------------------------------------------  ---------------------------
    Total                                      2.996ns (1.618ns logic, 1.378ns route)
                                                       (54.0% logic, 46.0% route)

--------------------------------------------------------------------------------
Slack (setup path):     80.315ns (requirement - (data path - clock path skew + uncertainty))
  Source:               U0/count_0 (FF)
  Destination:          U0/count_20 (FF)
  Requirement:          83.330ns
  Data Path Delay:      2.966ns (Levels of Logic = 7)
  Clock Path Skew:      -0.014ns (0.267 - 0.281)
  Source Clock:         clk_BUFGP rising at 0.000ns
  Destination Clock:    clk_BUFGP rising at 83.330ns
  Clock Uncertainty:    0.035ns

  Clock Uncertainty:          0.035ns  ((TSJ^2 + TIJ^2)^1/2 + DJ) / 2 + PE
    Total System Jitter (TSJ):  0.070ns
    Total Input Jitter (TIJ):   0.000ns
    Discrete Jitter (DJ):       0.000ns
    Phase Error (PE):           0.000ns

  Maximum Data Path at Slow Process Corner: U0/count_0 to U0/count_20
    Location             Delay type         Delay(ns)  Physical Resource
                                                       Logical Resource(s)
    -------------------------------------------------  -------------------
    SLICE_X9Y36.AQ       Tcko                  0.391   U0/count<3>
                                                       U0/count_0
    SLICE_X8Y36.A2       net (fanout=3)        0.611   U0/count<0>
    SLICE_X8Y36.COUT     Topcya                0.379   U0/Mcount_count_cy<3>
                                                       U0/Mcount_count_lut<0>_INV_0
                                                       U0/Mcount_count_cy<3>
    SLICE_X8Y37.CIN      net (fanout=1)        0.003   U0/Mcount_count_cy<3>
    SLICE_X8Y37.COUT     Tbyp                  0.076   U0/Mcount_count_cy<7>
                                                       U0/Mcount_count_cy<7>
    SLICE_X8Y38.CIN      net (fanout=1)        0.003   U0/Mcount_count_cy<7>
    SLICE_X8Y38.COUT     Tbyp                  0.076   U0/Mcount_count_cy<11>
                                                       U0/Mcount_count_cy<11>
    SLICE_X8Y39.CIN      net (fanout=1)        0.003   U0/Mcount_count_cy<11>
    SLICE_X8Y39.COUT     Tbyp                  0.076   U0/Mcount_count_cy<15>
                                                       U0/Mcount_count_cy<15>
    SLICE_X8Y40.CIN      net (fanout=1)        0.082   U0/Mcount_count_cy<15>
    SLICE_X8Y40.COUT     Tbyp                  0.076   U0/Mcount_count_cy<19>
                                                       U0/Mcount_count_cy<19>
    SLICE_X8Y41.CIN      net (fanout=1)        0.003   U0/Mcount_count_cy<19>
    SLICE_X8Y41.AMUX     Tcina                 0.202   Result<22>
                                                       U0/Mcount_count_xor<22>
    SLICE_X6Y40.D5       net (fanout=1)        0.644   Result<20>
    SLICE_X6Y40.CLK      Tas                   0.341   U0/count<20>
                                                       U0/count_20_rstpot
                                                       U0/count_20
    -------------------------------------------------  ---------------------------
    Total                                      2.966ns (1.617ns logic, 1.349ns route)
                                                       (54.5% logic, 45.5% route)

--------------------------------------------------------------------------------
Slack (setup path):     80.365ns (requirement - (data path - clock path skew + uncertainty))
  Source:               U0/count_4 (FF)
  Destination:          U0/count_20 (FF)
  Requirement:          83.330ns
  Data Path Delay:      2.920ns (Levels of Logic = 6)
  Clock Path Skew:      -0.010ns (0.267 - 0.277)
  Source Clock:         clk_BUFGP rising at 0.000ns
  Destination Clock:    clk_BUFGP rising at 83.330ns
  Clock Uncertainty:    0.035ns

  Clock Uncertainty:          0.035ns  ((TSJ^2 + TIJ^2)^1/2 + DJ) / 2 + PE
    Total System Jitter (TSJ):  0.070ns
    Total Input Jitter (TIJ):   0.000ns
    Discrete Jitter (DJ):       0.000ns
    Phase Error (PE):           0.000ns

  Maximum Data Path at Slow Process Corner: U0/count_4 to U0/count_20
    Location             Delay type         Delay(ns)  Physical Resource
                                                       Logical Resource(s)
    -------------------------------------------------  -------------------
    SLICE_X10Y37.AQ      Tcko                  0.408   U0/count<7>
                                                       U0/count_4
    SLICE_X8Y37.A2       net (fanout=3)        0.627   U0/count<4>
    SLICE_X8Y37.COUT     Topcya                0.379   U0/Mcount_count_cy<7>
                                                       U0/count<4>_rt
                                                       U0/Mcount_count_cy<7>
    SLICE_X8Y38.CIN      net (fanout=1)        0.003   U0/Mcount_count_cy<7>
    SLICE_X8Y38.COUT     Tbyp                  0.076   U0/Mcount_count_cy<11>
                                                       U0/Mcount_count_cy<11>
    SLICE_X8Y39.CIN      net (fanout=1)        0.003   U0/Mcount_count_cy<11>
    SLICE_X8Y39.COUT     Tbyp                  0.076   U0/Mcount_count_cy<15>
                                                       U0/Mcount_count_cy<15>
    SLICE_X8Y40.CIN      net (fanout=1)        0.082   U0/Mcount_count_cy<15>
    SLICE_X8Y40.COUT     Tbyp                  0.076   U0/Mcount_count_cy<19>
                                                       U0/Mcount_count_cy<19>
    SLICE_X8Y41.CIN      net (fanout=1)        0.003   U0/Mcount_count_cy<19>
    SLICE_X8Y41.AMUX     Tcina                 0.202   Result<22>
                                                       U0/Mcount_count_xor<22>
    SLICE_X6Y40.D5       net (fanout=1)        0.644   Result<20>
    SLICE_X6Y40.CLK      Tas                   0.341   U0/count<20>
                                                       U0/count_20_rstpot
                                                       U0/count_20
    -------------------------------------------------  ---------------------------
    Total                                      2.920ns (1.558ns logic, 1.362ns route)
                                                       (53.4% logic, 46.6% route)

--------------------------------------------------------------------------------

Paths for end point U0/count_19 (SLICE_X6Y40.C4), 20 paths
--------------------------------------------------------------------------------
Slack (setup path):     80.291ns (requirement - (data path - clock path skew + uncertainty))
  Source:               U0/count_1 (FF)
  Destination:          U0/count_19 (FF)
  Requirement:          83.330ns
  Data Path Delay:      2.990ns (Levels of Logic = 6)
  Clock Path Skew:      -0.014ns (0.267 - 0.281)
  Source Clock:         clk_BUFGP rising at 0.000ns
  Destination Clock:    clk_BUFGP rising at 83.330ns
  Clock Uncertainty:    0.035ns

  Clock Uncertainty:          0.035ns  ((TSJ^2 + TIJ^2)^1/2 + DJ) / 2 + PE
    Total System Jitter (TSJ):  0.070ns
    Total Input Jitter (TIJ):   0.000ns
    Discrete Jitter (DJ):       0.000ns
    Phase Error (PE):           0.000ns

  Maximum Data Path at Slow Process Corner: U0/count_1 to U0/count_19
    Location             Delay type         Delay(ns)  Physical Resource
                                                       Logical Resource(s)
    -------------------------------------------------  -------------------
    SLICE_X9Y36.BQ       Tcko                  0.391   U0/count<3>
                                                       U0/count_1
    SLICE_X8Y36.B1       net (fanout=3)        0.640   U0/count<1>
    SLICE_X8Y36.COUT     Topcyb                0.380   U0/Mcount_count_cy<3>
                                                       U0/count<1>_rt
                                                       U0/Mcount_count_cy<3>
    SLICE_X8Y37.CIN      net (fanout=1)        0.003   U0/Mcount_count_cy<3>
    SLICE_X8Y37.COUT     Tbyp                  0.076   U0/Mcount_count_cy<7>
                                                       U0/Mcount_count_cy<7>
    SLICE_X8Y38.CIN      net (fanout=1)        0.003   U0/Mcount_count_cy<7>
    SLICE_X8Y38.COUT     Tbyp                  0.076   U0/Mcount_count_cy<11>
                                                       U0/Mcount_count_cy<11>
    SLICE_X8Y39.CIN      net (fanout=1)        0.003   U0/Mcount_count_cy<11>
    SLICE_X8Y39.COUT     Tbyp                  0.076   U0/Mcount_count_cy<15>
                                                       U0/Mcount_count_cy<15>
    SLICE_X8Y40.CIN      net (fanout=1)        0.082   U0/Mcount_count_cy<15>
    SLICE_X8Y40.DMUX     Tcind                 0.302   U0/Mcount_count_cy<19>
                                                       U0/Mcount_count_cy<19>
    SLICE_X6Y40.C4       net (fanout=1)        0.617   Result<19>
    SLICE_X6Y40.CLK      Tas                   0.341   U0/count<20>
                                                       U0/count_19_rstpot
                                                       U0/count_19
    -------------------------------------------------  ---------------------------
    Total                                      2.990ns (1.642ns logic, 1.348ns route)
                                                       (54.9% logic, 45.1% route)

--------------------------------------------------------------------------------
Slack (setup path):     80.321ns (requirement - (data path - clock path skew + uncertainty))
  Source:               U0/count_0 (FF)
  Destination:          U0/count_19 (FF)
  Requirement:          83.330ns
  Data Path Delay:      2.960ns (Levels of Logic = 6)
  Clock Path Skew:      -0.014ns (0.267 - 0.281)
  Source Clock:         clk_BUFGP rising at 0.000ns
  Destination Clock:    clk_BUFGP rising at 83.330ns
  Clock Uncertainty:    0.035ns

  Clock Uncertainty:          0.035ns  ((TSJ^2 + TIJ^2)^1/2 + DJ) / 2 + PE
    Total System Jitter (TSJ):  0.070ns
    Total Input Jitter (TIJ):   0.000ns
    Discrete Jitter (DJ):       0.000ns
    Phase Error (PE):           0.000ns

  Maximum Data Path at Slow Process Corner: U0/count_0 to U0/count_19
    Location             Delay type         Delay(ns)  Physical Resource
                                                       Logical Resource(s)
    -------------------------------------------------  -------------------
    SLICE_X9Y36.AQ       Tcko                  0.391   U0/count<3>
                                                       U0/count_0
    SLICE_X8Y36.A2       net (fanout=3)        0.611   U0/count<0>
    SLICE_X8Y36.COUT     Topcya                0.379   U0/Mcount_count_cy<3>
                                                       U0/Mcount_count_lut<0>_INV_0
                                                       U0/Mcount_count_cy<3>
    SLICE_X8Y37.CIN      net (fanout=1)        0.003   U0/Mcount_count_cy<3>
    SLICE_X8Y37.COUT     Tbyp                  0.076   U0/Mcount_count_cy<7>
                                                       U0/Mcount_count_cy<7>
    SLICE_X8Y38.CIN      net (fanout=1)        0.003   U0/Mcount_count_cy<7>
    SLICE_X8Y38.COUT     Tbyp                  0.076   U0/Mcount_count_cy<11>
                                                       U0/Mcount_count_cy<11>
    SLICE_X8Y39.CIN      net (fanout=1)        0.003   U0/Mcount_count_cy<11>
    SLICE_X8Y39.COUT     Tbyp                  0.076   U0/Mcount_count_cy<15>
                                                       U0/Mcount_count_cy<15>
    SLICE_X8Y40.CIN      net (fanout=1)        0.082   U0/Mcount_count_cy<15>
    SLICE_X8Y40.DMUX     Tcind                 0.302   U0/Mcount_count_cy<19>
                                                       U0/Mcount_count_cy<19>
    SLICE_X6Y40.C4       net (fanout=1)        0.617   Result<19>
    SLICE_X6Y40.CLK      Tas                   0.341   U0/count<20>
                                                       U0/count_19_rstpot
                                                       U0/count_19
    -------------------------------------------------  ---------------------------
    Total                                      2.960ns (1.641ns logic, 1.319ns route)
                                                       (55.4% logic, 44.6% route)

--------------------------------------------------------------------------------
Slack (setup path):     80.371ns (requirement - (data path - clock path skew + uncertainty))
  Source:               U0/count_4 (FF)
  Destination:          U0/count_19 (FF)
  Requirement:          83.330ns
  Data Path Delay:      2.914ns (Levels of Logic = 5)
  Clock Path Skew:      -0.010ns (0.267 - 0.277)
  Source Clock:         clk_BUFGP rising at 0.000ns
  Destination Clock:    clk_BUFGP rising at 83.330ns
  Clock Uncertainty:    0.035ns

  Clock Uncertainty:          0.035ns  ((TSJ^2 + TIJ^2)^1/2 + DJ) / 2 + PE
    Total System Jitter (TSJ):  0.070ns
    Total Input Jitter (TIJ):   0.000ns
    Discrete Jitter (DJ):       0.000ns
    Phase Error (PE):           0.000ns

  Maximum Data Path at Slow Process Corner: U0/count_4 to U0/count_19
    Location             Delay type         Delay(ns)  Physical Resource
                                                       Logical Resource(s)
    -------------------------------------------------  -------------------
    SLICE_X10Y37.AQ      Tcko                  0.408   U0/count<7>
                                                       U0/count_4
    SLICE_X8Y37.A2       net (fanout=3)        0.627   U0/count<4>
    SLICE_X8Y37.COUT     Topcya                0.379   U0/Mcount_count_cy<7>
                                                       U0/count<4>_rt
                                                       U0/Mcount_count_cy<7>
    SLICE_X8Y38.CIN      net (fanout=1)        0.003   U0/Mcount_count_cy<7>
    SLICE_X8Y38.COUT     Tbyp                  0.076   U0/Mcount_count_cy<11>
                                                       U0/Mcount_count_cy<11>
    SLICE_X8Y39.CIN      net (fanout=1)        0.003   U0/Mcount_count_cy<11>
    SLICE_X8Y39.COUT     Tbyp                  0.076   U0/Mcount_count_cy<15>
                                                       U0/Mcount_count_cy<15>
    SLICE_X8Y40.CIN      net (fanout=1)        0.082   U0/Mcount_count_cy<15>
    SLICE_X8Y40.DMUX     Tcind                 0.302   U0/Mcount_count_cy<19>
                                                       U0/Mcount_count_cy<19>
    SLICE_X6Y40.C4       net (fanout=1)        0.617   Result<19>
    SLICE_X6Y40.CLK      Tas                   0.341   U0/count<20>
                                                       U0/count_19_rstpot
                                                       U0/count_19
    -------------------------------------------------  ---------------------------
    Total                                      2.914ns (1.582ns logic, 1.332ns route)
                                                       (54.3% logic, 45.7% route)

--------------------------------------------------------------------------------

Paths for end point U0/count_12 (SLICE_X10Y38.B2), 6 paths
--------------------------------------------------------------------------------
Slack (setup path):     80.297ns (requirement - (data path - clock path skew + uncertainty))
  Source:               U0/count_15 (FF)
  Destination:          U0/count_12 (FF)
  Requirement:          83.330ns
  Data Path Delay:      2.985ns (Levels of Logic = 2)
  Clock Path Skew:      -0.013ns (0.261 - 0.274)
  Source Clock:         clk_BUFGP rising at 0.000ns
  Destination Clock:    clk_BUFGP rising at 83.330ns
  Clock Uncertainty:    0.035ns

  Clock Uncertainty:          0.035ns  ((TSJ^2 + TIJ^2)^1/2 + DJ) / 2 + PE
    Total System Jitter (TSJ):  0.070ns
    Total Input Jitter (TIJ):   0.000ns
    Discrete Jitter (DJ):       0.000ns
    Phase Error (PE):           0.000ns

  Maximum Data Path at Slow Process Corner: U0/count_15 to U0/count_12
    Location             Delay type         Delay(ns)  Physical Resource
                                                       Logical Resource(s)
    -------------------------------------------------  -------------------
    SLICE_X9Y40.AQ       Tcko                  0.391   U0/count<17>
                                                       U0/count_15
    SLICE_X6Y40.A1       net (fanout=3)        0.869   U0/count<15>
    SLICE_X6Y40.A        Tilo                  0.205   U0/count<20>
                                                       U0/count[22]_PWR_2_o_equal_2_o<22>1_1
    SLICE_X10Y38.B2      net (fanout=11)       1.179   U0/count[22]_PWR_2_o_equal_2_o<22>11
    SLICE_X10Y38.CLK     Tas                   0.341   U0/count<14>
                                                       U0/count_12_rstpot
                                                       U0/count_12
    -------------------------------------------------  ---------------------------
    Total                                      2.985ns (0.937ns logic, 2.048ns route)
                                                       (31.4% logic, 68.6% route)

--------------------------------------------------------------------------------
Slack (setup path):     80.385ns (requirement - (data path - clock path skew + uncertainty))
  Source:               U0/count_22 (FF)
  Destination:          U0/count_12 (FF)
  Requirement:          83.330ns
  Data Path Delay:      2.897ns (Levels of Logic = 2)
  Clock Path Skew:      -0.013ns (0.261 - 0.274)
  Source Clock:         clk_BUFGP rising at 0.000ns
  Destination Clock:    clk_BUFGP rising at 83.330ns
  Clock Uncertainty:    0.035ns

  Clock Uncertainty:          0.035ns  ((TSJ^2 + TIJ^2)^1/2 + DJ) / 2 + PE
    Total System Jitter (TSJ):  0.070ns
    Total Input Jitter (TIJ):   0.000ns
    Discrete Jitter (DJ):       0.000ns
    Phase Error (PE):           0.000ns

  Maximum Data Path at Slow Process Corner: U0/count_22 to U0/count_12
    Location             Delay type         Delay(ns)  Physical Resource
                                                       Logical Resource(s)
    -------------------------------------------------  -------------------
    SLICE_X9Y39.BQ       Tcko                  0.391   U0/count<22>
                                                       U0/count_22
    SLICE_X6Y40.A3       net (fanout=3)        0.781   U0/count<22>
    SLICE_X6Y40.A        Tilo                  0.205   U0/count<20>
                                                       U0/count[22]_PWR_2_o_equal_2_o<22>1_1
    SLICE_X10Y38.B2      net (fanout=11)       1.179   U0/count[22]_PWR_2_o_equal_2_o<22>11
    SLICE_X10Y38.CLK     Tas                   0.341   U0/count<14>
                                                       U0/count_12_rstpot
                                                       U0/count_12
    -------------------------------------------------  ---------------------------
    Total                                      2.897ns (0.937ns logic, 1.960ns route)
                                                       (32.3% logic, 67.7% route)

--------------------------------------------------------------------------------
Slack (setup path):     80.570ns (requirement - (data path - clock path skew + uncertainty))
  Source:               U0/count_20 (FF)
  Destination:          U0/count_12 (FF)
  Requirement:          83.330ns
  Data Path Delay:      2.705ns (Levels of Logic = 2)
  Clock Path Skew:      -0.020ns (0.261 - 0.281)
  Source Clock:         clk_BUFGP rising at 0.000ns
  Destination Clock:    clk_BUFGP rising at 83.330ns
  Clock Uncertainty:    0.035ns

  Clock Uncertainty:          0.035ns  ((TSJ^2 + TIJ^2)^1/2 + DJ) / 2 + PE
    Total System Jitter (TSJ):  0.070ns
    Total Input Jitter (TIJ):   0.000ns
    Discrete Jitter (DJ):       0.000ns
    Phase Error (PE):           0.000ns

  Maximum Data Path at Slow Process Corner: U0/count_20 to U0/count_12
    Location             Delay type         Delay(ns)  Physical Resource
                                                       Logical Resource(s)
    -------------------------------------------------  -------------------
    SLICE_X6Y40.DQ       Tcko                  0.408   U0/count<20>
                                                       U0/count_20
    SLICE_X6Y40.A2       net (fanout=3)        0.572   U0/count<20>
    SLICE_X6Y40.A        Tilo                  0.205   U0/count<20>
                                                       U0/count[22]_PWR_2_o_equal_2_o<22>1_1
    SLICE_X10Y38.B2      net (fanout=11)       1.179   U0/count[22]_PWR_2_o_equal_2_o<22>11
    SLICE_X10Y38.CLK     Tas                   0.341   U0/count<14>
                                                       U0/count_12_rstpot
                                                       U0/count_12
    -------------------------------------------------  ---------------------------
    Total                                      2.705ns (0.954ns logic, 1.751ns route)
                                                       (35.3% logic, 64.7% route)

--------------------------------------------------------------------------------

Hold Paths: TS_clk_12mhz = PERIOD TIMEGRP "clk_12mhz" 83.33 ns HIGH 50%;
--------------------------------------------------------------------------------

Paths for end point U0/clock_half (SLICE_X9Y37.A6), 1 path
--------------------------------------------------------------------------------
Slack (hold path):      0.440ns (requirement - (clock path skew + uncertainty - data path))
  Source:               U0/clock_half (FF)
  Destination:          U0/clock_half (FF)
  Requirement:          0.000ns
  Data Path Delay:      0.440ns (Levels of Logic = 1)
  Clock Path Skew:      0.000ns
  Source Clock:         clk_BUFGP rising at 83.330ns
  Destination Clock:    clk_BUFGP rising at 83.330ns
  Clock Uncertainty:    0.000ns

  Minimum Data Path at Fast Process Corner: U0/clock_half to U0/clock_half
    Location             Delay type         Delay(ns)  Physical Resource
                                                       Logical Resource(s)
    -------------------------------------------------  -------------------
    SLICE_X9Y37.AQ       Tcko                  0.198   U0/clock_half
                                                       U0/clock_half
    SLICE_X9Y37.A6       net (fanout=3)        0.027   U0/clock_half
    SLICE_X9Y37.CLK      Tah         (-Th)    -0.215   U0/clock_half
                                                       U0/clock_half_rstpot
                                                       U0/clock_half
    -------------------------------------------------  ---------------------------
    Total                                      0.440ns (0.413ns logic, 0.027ns route)
                                                       (93.9% logic, 6.1% route)

--------------------------------------------------------------------------------

Paths for end point U0/clock_half (SLICE_X9Y37.A5), 6 paths
--------------------------------------------------------------------------------
Slack (hold path):      0.783ns (requirement - (clock path skew + uncertainty - data path))
  Source:               U0/count_0 (FF)
  Destination:          U0/clock_half (FF)
  Requirement:          0.000ns
  Data Path Delay:      0.782ns (Levels of Logic = 2)
  Clock Path Skew:      -0.001ns (0.036 - 0.037)
  Source Clock:         clk_BUFGP rising at 83.330ns
  Destination Clock:    clk_BUFGP rising at 83.330ns
  Clock Uncertainty:    0.000ns

  Minimum Data Path at Fast Process Corner: U0/count_0 to U0/clock_half
    Location             Delay type         Delay(ns)  Physical Resource
                                                       Logical Resource(s)
    -------------------------------------------------  -------------------
    SLICE_X9Y36.AQ       Tcko                  0.198   U0/count<3>
                                                       U0/count_0
    SLICE_X9Y37.B6       net (fanout=3)        0.128   U0/count<0>
    SLICE_X9Y37.B        Tilo                  0.156   U0/clock_half
                                                       U0/count[22]_PWR_2_o_equal_2_o<22>3
    SLICE_X9Y37.A5       net (fanout=13)       0.085   U0/count[22]_PWR_2_o_equal_2_o<22>2
    SLICE_X9Y37.CLK      Tah         (-Th)    -0.215   U0/clock_half
                                                       U0/clock_half_rstpot
                                                       U0/clock_half
    -------------------------------------------------  ---------------------------
    Total                                      0.782ns (0.569ns logic, 0.213ns route)
                                                       (72.8% logic, 27.2% route)

--------------------------------------------------------------------------------
Slack (hold path):      0.832ns (requirement - (clock path skew + uncertainty - data path))
  Source:               U0/count_1 (FF)
  Destination:          U0/clock_half (FF)
  Requirement:          0.000ns
  Data Path Delay:      0.831ns (Levels of Logic = 2)
  Clock Path Skew:      -0.001ns (0.036 - 0.037)
  Source Clock:         clk_BUFGP rising at 83.330ns
  Destination Clock:    clk_BUFGP rising at 83.330ns
  Clock Uncertainty:    0.000ns

  Minimum Data Path at Fast Process Corner: U0/count_1 to U0/clock_half
    Location             Delay type         Delay(ns)  Physical Resource
                                                       Logical Resource(s)
    -------------------------------------------------  -------------------
    SLICE_X9Y36.BQ       Tcko                  0.198   U0/count<3>
                                                       U0/count_1
    SLICE_X9Y37.B5       net (fanout=3)        0.177   U0/count<1>
    SLICE_X9Y37.B        Tilo                  0.156   U0/clock_half
                                                       U0/count[22]_PWR_2_o_equal_2_o<22>3
    SLICE_X9Y37.A5       net (fanout=13)       0.085   U0/count[22]_PWR_2_o_equal_2_o<22>2
    SLICE_X9Y37.CLK      Tah         (-Th)    -0.215   U0/clock_half
                                                       U0/clock_half_rstpot
                                                       U0/clock_half
    -------------------------------------------------  ---------------------------
    Total                                      0.831ns (0.569ns logic, 0.262ns route)
                                                       (68.5% logic, 31.5% route)

--------------------------------------------------------------------------------
Slack (hold path):      0.870ns (requirement - (clock path skew + uncertainty - data path))
  Source:               U0/count_2 (FF)
  Destination:          U0/clock_half (FF)
  Requirement:          0.000ns
  Data Path Delay:      0.869ns (Levels of Logic = 2)
  Clock Path Skew:      -0.001ns (0.036 - 0.037)
  Source Clock:         clk_BUFGP rising at 83.330ns
  Destination Clock:    clk_BUFGP rising at 83.330ns
  Clock Uncertainty:    0.000ns

  Minimum Data Path at Fast Process Corner: U0/count_2 to U0/clock_half
    Location             Delay type         Delay(ns)  Physical Resource
                                                       Logical Resource(s)
    -------------------------------------------------  -------------------
    SLICE_X9Y36.CQ       Tcko                  0.198   U0/count<3>
                                                       U0/count_2
    SLICE_X9Y37.B4       net (fanout=3)        0.215   U0/count<2>
    SLICE_X9Y37.B        Tilo                  0.156   U0/clock_half
                                                       U0/count[22]_PWR_2_o_equal_2_o<22>3
    SLICE_X9Y37.A5       net (fanout=13)       0.085   U0/count[22]_PWR_2_o_equal_2_o<22>2
    SLICE_X9Y37.CLK      Tah         (-Th)    -0.215   U0/clock_half
                                                       U0/clock_half_rstpot
                                                       U0/clock_half
    -------------------------------------------------  ---------------------------
    Total                                      0.869ns (0.569ns logic, 0.300ns route)
                                                       (65.5% logic, 34.5% route)

--------------------------------------------------------------------------------

Paths for end point U0/count_13 (SLICE_X10Y38.C5), 6 paths
--------------------------------------------------------------------------------
Slack (hold path):      0.801ns (requirement - (clock path skew + uncertainty - data path))
  Source:               U0/count_5 (FF)
  Destination:          U0/count_13 (FF)
  Requirement:          0.000ns
  Data Path Delay:      0.801ns (Levels of Logic = 2)
  Clock Path Skew:      0.000ns
  Source Clock:         clk_BUFGP rising at 83.330ns
  Destination Clock:    clk_BUFGP rising at 83.330ns
  Clock Uncertainty:    0.000ns

  Minimum Data Path at Fast Process Corner: U0/count_5 to U0/count_13
    Location             Delay type         Delay(ns)  Physical Resource
                                                       Logical Resource(s)
    -------------------------------------------------  -------------------
    SLICE_X10Y37.BQ      Tcko                  0.200   U0/count<7>
                                                       U0/count_5
    SLICE_X11Y37.A5      net (fanout=3)        0.078   U0/count<5>
    SLICE_X11Y37.A       Tilo                  0.156   U0/count[22]_PWR_2_o_equal_2_o<22>21
                                                       U0/count[22]_PWR_2_o_equal_2_o<22>2_1
    SLICE_X10Y38.C5      net (fanout=11)       0.177   U0/count[22]_PWR_2_o_equal_2_o<22>21
    SLICE_X10Y38.CLK     Tah         (-Th)    -0.190   U0/count<14>
                                                       U0/count_13_rstpot
                                                       U0/count_13
    -------------------------------------------------  ---------------------------
    Total                                      0.801ns (0.546ns logic, 0.255ns route)
                                                       (68.2% logic, 31.8% route)

--------------------------------------------------------------------------------
Slack (hold path):      0.880ns (requirement - (clock path skew + uncertainty - data path))
  Source:               U0/count_8 (FF)
  Destination:          U0/count_13 (FF)
  Requirement:          0.000ns
  Data Path Delay:      0.883ns (Levels of Logic = 2)
  Clock Path Skew:      0.003ns (0.095 - 0.092)
  Source Clock:         clk_BUFGP rising at 83.330ns
  Destination Clock:    clk_BUFGP rising at 83.330ns
  Clock Uncertainty:    0.000ns

  Minimum Data Path at Fast Process Corner: U0/count_8 to U0/count_13
    Location             Delay type         Delay(ns)  Physical Resource
                                                       Logical Resource(s)
    -------------------------------------------------  -------------------
    SLICE_X9Y38.AQ       Tcko                  0.198   U0/count<11>
                                                       U0/count_8
    SLICE_X11Y37.A6      net (fanout=3)        0.162   U0/count<8>
    SLICE_X11Y37.A       Tilo                  0.156   U0/count[22]_PWR_2_o_equal_2_o<22>21
                                                       U0/count[22]_PWR_2_o_equal_2_o<22>2_1
    SLICE_X10Y38.C5      net (fanout=11)       0.177   U0/count[22]_PWR_2_o_equal_2_o<22>21
    SLICE_X10Y38.CLK     Tah         (-Th)    -0.190   U0/count<14>
                                                       U0/count_13_rstpot
                                                       U0/count_13
    -------------------------------------------------  ---------------------------
    Total                                      0.883ns (0.544ns logic, 0.339ns route)
                                                       (61.6% logic, 38.4% route)

--------------------------------------------------------------------------------
Slack (hold path):      0.963ns (requirement - (clock path skew + uncertainty - data path))
  Source:               U0/count_10 (FF)
  Destination:          U0/count_13 (FF)
  Requirement:          0.000ns
  Data Path Delay:      0.966ns (Levels of Logic = 2)
  Clock Path Skew:      0.003ns (0.095 - 0.092)
  Source Clock:         clk_BUFGP rising at 83.330ns
  Destination Clock:    clk_BUFGP rising at 83.330ns
  Clock Uncertainty:    0.000ns

  Minimum Data Path at Fast Process Corner: U0/count_10 to U0/count_13
    Location             Delay type         Delay(ns)  Physical Resource
                                                       Logical Resource(s)
    -------------------------------------------------  -------------------
    SLICE_X9Y38.CQ       Tcko                  0.198   U0/count<11>
                                                       U0/count_10
    SLICE_X11Y37.A4      net (fanout=3)        0.245   U0/count<10>
    SLICE_X11Y37.A       Tilo                  0.156   U0/count[22]_PWR_2_o_equal_2_o<22>21
                                                       U0/count[22]_PWR_2_o_equal_2_o<22>2_1
    SLICE_X10Y38.C5      net (fanout=11)       0.177   U0/count[22]_PWR_2_o_equal_2_o<22>21
    SLICE_X10Y38.CLK     Tah         (-Th)    -0.190   U0/count<14>
                                                       U0/count_13_rstpot
                                                       U0/count_13
    -------------------------------------------------  ---------------------------
    Total                                      0.966ns (0.544ns logic, 0.422ns route)
                                                       (56.3% logic, 43.7% route)

--------------------------------------------------------------------------------

Component Switching Limit Checks: TS_clk_12mhz = PERIOD TIMEGRP "clk_12mhz" 83.33 ns HIGH 50%;
--------------------------------------------------------------------------------
Slack: 81.600ns (period - min period limit)
  Period: 83.330ns
  Min period limit: 1.730ns (578.035MHz) (Tbcper_I)
  Physical resource: clk_BUFGP/BUFG/I0
  Logical resource: clk_BUFGP/BUFG/I0
  Location pin: BUFGMUX_X3Y6.I0
  Clock network: clk_BUFGP/IBUFG
--------------------------------------------------------------------------------
Slack: 82.900ns (period - min period limit)
  Period: 83.330ns
  Min period limit: 0.430ns (2325.581MHz) (Tcp)
  Physical resource: U0/count<20>/CLK
  Logical resource: U0/count_18/CK
  Location pin: SLICE_X6Y40.CLK
  Clock network: clk_BUFGP
--------------------------------------------------------------------------------
Slack: 82.900ns (period - min period limit)
  Period: 83.330ns
  Min period limit: 0.430ns (2325.581MHz) (Tcp)
  Physical resource: U0/count<20>/CLK
  Logical resource: U0/count_19/CK
  Location pin: SLICE_X6Y40.CLK
  Clock network: clk_BUFGP
--------------------------------------------------------------------------------


All constraints were met.


Data Sheet report:
-----------------
All values displayed in nanoseconds (ns)

Clock to Setup on destination clock clk
---------------+---------+---------+---------+---------+
               | Src:Rise| Src:Fall| Src:Rise| Src:Fall|
Source Clock   |Dest:Rise|Dest:Rise|Dest:Fall|Dest:Fall|
---------------+---------+---------+---------+---------+
clk            |    3.045|         |         |         |
---------------+---------+---------+---------+---------+


Timing summary:
---------------

Timing errors: 0  Score: 0  (Setup/Max: 0, Hold: 0)

Constraints cover 829 paths, 0 nets, and 203 connections

Design statistics:
   Minimum period:   3.045ns{1}   (Maximum frequency: 328.407MHz)


------------------------------------Footnotes-----------------------------------
1)  The minimum period statistic assumes all single cycle delays.

Analysis completed Fri Sep 11 18:48:47 2026 
--------------------------------------------------------------------------------

Trace Settings:
-------------------------
Trace Settings 

Peak Memory Usage: 4587 MB



