Release 14.7 - xst P.20131013 (nt64)
Copyright (c) 1995-2013 Xilinx, Inc.  All rights reserved.
--> Parameter TMPDIR set to xst/projnav.tmp


Total REAL time to Xst completion: 0.00 secs
Total CPU time to Xst completion: 0.31 secs
 
--> Parameter xsthdpdir set to xst


Total REAL time to Xst completion: 0.00 secs
Total CPU time to Xst completion: 0.31 secs
 
--> Reading design: bank_vault_lock_controller.prj

TABLE OF CONTENTS
  1) Synthesis Options Summary
  2) HDL Parsing
  3) HDL Elaboration
  4) HDL Synthesis
       4.1) HDL Synthesis Report
  5) Advanced HDL Synthesis
       5.1) Advanced HDL Synthesis Report
  6) Low Level Synthesis
  7) Partition Report
  8) Design Summary
       8.1) Primitive and Black Box Usage
       8.2) Device utilization summary
       8.3) Partition Resource Summary
       8.4) Timing Report
            8.4.1) Clock Information
            8.4.2) Asynchronous Control Signals Information
            8.4.3) Timing Summary
            8.4.4) Timing Details
            8.4.5) Cross Clock Domains Report


=========================================================================
*                      Synthesis Options Summary                        *
=========================================================================
---- Source Parameters
Input File Name                    : "bank_vault_lock_controller.prj"
Ignore Synthesis Constraint File   : NO

---- Target Parameters
Output File Name                   : "bank_vault_lock_controller"
Output Format                      : NGC
Target Device                      : xc6slx9-3-tqg144

---- Source Options
Top Module Name                    : bank_vault_lock_controller
Automatic FSM Extraction           : YES
FSM Encoding Algorithm             : Auto
Safe Implementation                : No
FSM Style                          : LUT
RAM Extraction                     : Yes
RAM Style                          : Auto
ROM Extraction                     : Yes
Shift Register Extraction          : YES
ROM Style                          : Auto
Resource Sharing                   : YES
Asynchronous To Synchronous        : NO
Shift Register Minimum Size        : 2
Use DSP Block                      : Auto
Automatic Register Balancing       : No

---- Target Options
LUT Combining                      : Auto
Reduce Control Sets                : Auto
Add IO Buffers                     : YES
Global Maximum Fanout              : 100000
Add Generic Clock Buffer(BUFG)     : 16
Register Duplication               : YES
Optimize Instantiated Primitives   : NO
Use Clock Enable                   : Auto
Use Synchronous Set                : Auto
Use Synchronous Reset              : Auto
Pack IO Registers into IOBs        : Auto
Equivalent register Removal        : YES

---- General Options
Optimization Goal                  : Speed
Optimization Effort                : 1
Power Reduction                    : NO
Keep Hierarchy                     : No
Netlist Hierarchy                  : As_Optimized
RTL Output                         : Yes
Global Optimization                : AllClockNets
Read Cores                         : YES
Write Timing Constraints           : NO
Cross Clock Analysis               : NO
Hierarchy Separator                : /
Bus Delimiter                      : <>
Case Specifier                     : Maintain
Slice Utilization Ratio            : 100
BRAM Utilization Ratio             : 100
DSP48 Utilization Ratio            : 100
Auto BRAM Packing                  : NO
Slice Utilization Ratio Delta      : 5

=========================================================================


=========================================================================
*                          HDL Parsing                                  *
=========================================================================
Analyzing Verilog file "C:\Users\sgpma\Downloads\Projects\Bank_Vault_Lock_Controller\clock_half_sec.v" into library work
Parsing module <clock_half_sec>.
Analyzing Verilog file "C:\Users\sgpma\Downloads\Projects\Bank_Vault_Lock_Controller\bank_vault_lock_controller.v" into library work
Parsing module <bank_vault_lock_controller>.

=========================================================================
*                            HDL Elaboration                            *
=========================================================================

Elaborating module <bank_vault_lock_controller>.

Elaborating module <clock_half_sec>.

=========================================================================
*                           HDL Synthesis                               *
=========================================================================

Synthesizing Unit <bank_vault_lock_controller>.
    Related source file is "C:\Users\sgpma\Downloads\Projects\Bank_Vault_Lock_Controller\bank_vault_lock_controller.v".
    Found 8-bit register for signal <LED>.
    Summary:
	inferred   8 D-type flip-flop(s).
Unit <bank_vault_lock_controller> synthesized.

Synthesizing Unit <clock_half_sec>.
    Related source file is "C:\Users\sgpma\Downloads\Projects\Bank_Vault_Lock_Controller\clock_half_sec.v".
    Found 1-bit register for signal <clock_half>.
    Found 23-bit register for signal <count>.
    Found 23-bit adder for signal <count[22]_GND_2_o_add_2_OUT> created at line 29.
    Summary:
	inferred   1 Adder/Subtractor(s).
	inferred  24 D-type flip-flop(s).
Unit <clock_half_sec> synthesized.

=========================================================================
HDL Synthesis Report

Macro Statistics
# Adders/Subtractors                                   : 1
 23-bit adder                                          : 1
# Registers                                            : 3
 1-bit register                                        : 1
 23-bit register                                       : 1
 8-bit register                                        : 1

=========================================================================

=========================================================================
*                       Advanced HDL Synthesis                          *
=========================================================================


Synthesizing (advanced) Unit <clock_half_sec>.
The following registers are absorbed into counter <count>: 1 register on signal <count>.
Unit <clock_half_sec> synthesized (advanced).

=========================================================================
Advanced HDL Synthesis Report

Macro Statistics
# Counters                                             : 1
 23-bit up counter                                     : 1
# Registers                                            : 9
 Flip-Flops                                            : 9

=========================================================================

=========================================================================
*                         Low Level Synthesis                           *
=========================================================================

Optimizing unit <bank_vault_lock_controller> ...

Mapping all equations...
Building and optimizing final netlist ...
Found area constraint ratio of 100 (+ 5) on block bank_vault_lock_controller, actual ratio is 0.

Final Macro Processing ...

=========================================================================
Final Register Report

Macro Statistics
# Registers                                            : 32
 Flip-Flops                                            : 32

=========================================================================

=========================================================================
*                           Partition Report                            *
=========================================================================

Partition Implementation Status
-------------------------------

  No Partitions were found in this design.

-------------------------------

=========================================================================
*                            Design Summary                             *
=========================================================================

Top Level Output File Name         : bank_vault_lock_controller.ngc

Primitive and Black Box Usage:
------------------------------
# BELS                             : 112
#      GND                         : 1
#      INV                         : 9
#      LUT1                        : 22
#      LUT4                        : 2
#      LUT5                        : 26
#      LUT6                        : 6
#      MUXCY                       : 22
#      VCC                         : 1
#      XORCY                       : 23
# FlipFlops/Latches                : 32
#      FD                          : 24
#      FDR                         : 8
# Clock Buffers                    : 1
#      BUFGP                       : 1
# IO Buffers                       : 13
#      IBUF                        : 4
#      OBUF                        : 9

Device utilization summary:
---------------------------

Selected Device : 6slx9tqg144-3 


Slice Logic Utilization: 
 Number of Slice Registers:              32  out of  11440     0%  
 Number of Slice LUTs:                   65  out of   5720     1%  
    Number used as Logic:                65  out of   5720     1%  

Slice Logic Distribution: 
 Number of LUT Flip Flop pairs used:     65
   Number with an unused Flip Flop:      33  out of     65    50%  
   Number with an unused LUT:             0  out of     65     0%  
   Number of fully used LUT-FF pairs:    32  out of     65    49%  
   Number of unique control sets:         2

IO Utilization: 
 Number of IOs:                          14
 Number of bonded IOBs:                  14  out of    102    13%  

Specific Feature Utilization:
 Number of BUFG/BUFGCTRLs:                1  out of     16     6%  

---------------------------
Partition Resource Summary:
---------------------------

  No Partitions were found in this design.

---------------------------


=========================================================================
Timing Report

NOTE: THESE TIMING NUMBERS ARE ONLY A SYNTHESIS ESTIMATE.
      FOR ACCURATE TIMING INFORMATION PLEASE REFER TO THE TRACE REPORT
      GENERATED AFTER PLACE-and-ROUTE.

Clock Information:
------------------
-----------------------------------+------------------------+-------+
Clock Signal                       | Clock buffer(FF name)  | Load  |
-----------------------------------+------------------------+-------+
U0/clock_half                      | NONE(LED_0)            | 8     |
clk                                | BUFGP                  | 24    |
-----------------------------------+------------------------+-------+
INFO:Xst:2169 - HDL ADVISOR - Some clock signals were not automatically buffered by XST with BUFG/BUFR resources. Please use the buffer_type constraint in order to insert these buffers to the clock signals to help prevent skew problems.

Asynchronous Control Signals Information:
----------------------------------------
No asynchronous control signals found in this design

Timing Summary:
---------------
Speed Grade: -3

   Minimum period: 3.188ns (Maximum Frequency: 313.666MHz)
   Minimum input arrival time before clock: 3.521ns
   Maximum output required time after clock: 3.634ns
   Maximum combinational path delay: 5.439ns

Timing Details:
---------------
All values displayed in nanoseconds (ns)

=========================================================================
Timing constraint: Default period analysis for Clock 'U0/clock_half'
  Clock period: 1.950ns (frequency: 512.794MHz)
  Total number of paths / destination ports: 8 / 8
-------------------------------------------------------------------------
Delay:               1.950ns (Levels of Logic = 1)
  Source:            LED_0 (FF)
  Destination:       LED_0 (FF)
  Source Clock:      U0/clock_half rising
  Destination Clock: U0/clock_half rising

  Data Path: LED_0 to LED_0
                                Gate     Net
    Cell:in->out      fanout   Delay   Delay  Logical Name (Net Name)
    ----------------------------------------  ------------
     FDR:C->Q              2   0.447   0.616  LED_0 (LED_0)
     INV:I->O              1   0.206   0.579  LED[7]_inv_1_OUT<0>1_INV_0 (LED[7]_inv_1_OUT<0>)
     FDR:D                     0.102          LED_0
    ----------------------------------------
    Total                      1.950ns (0.755ns logic, 1.195ns route)
                                       (38.7% logic, 61.3% route)

=========================================================================
Timing constraint: Default period analysis for Clock 'clk'
  Clock period: 3.188ns (frequency: 313.666MHz)
  Total number of paths / destination ports: 829 / 24
-------------------------------------------------------------------------
Delay:               3.188ns (Levels of Logic = 20)
  Source:            U0/count_0 (FF)
  Destination:       U0/count_17 (FF)
  Source Clock:      clk rising
  Destination Clock: clk rising

  Data Path: U0/count_0 to U0/count_17
                                Gate     Net
    Cell:in->out      fanout   Delay   Delay  Logical Name (Net Name)
    ----------------------------------------  ------------
     FD:C->Q               3   0.447   0.650  U0/count_0 (U0/count_0)
     INV:I->O              1   0.206   0.000  U0/Mcount_count_lut<0>_INV_0 (U0/Mcount_count_lut<0>)
     MUXCY:S->O            1   0.172   0.000  U0/Mcount_count_cy<0> (U0/Mcount_count_cy<0>)
     MUXCY:CI->O           1   0.019   0.000  U0/Mcount_count_cy<1> (U0/Mcount_count_cy<1>)
     MUXCY:CI->O           1   0.019   0.000  U0/Mcount_count_cy<2> (U0/Mcount_count_cy<2>)
     MUXCY:CI->O           1   0.019   0.000  U0/Mcount_count_cy<3> (U0/Mcount_count_cy<3>)
     MUXCY:CI->O           1   0.019   0.000  U0/Mcount_count_cy<4> (U0/Mcount_count_cy<4>)
     MUXCY:CI->O           1   0.019   0.000  U0/Mcount_count_cy<5> (U0/Mcount_count_cy<5>)
     MUXCY:CI->O           1   0.019   0.000  U0/Mcount_count_cy<6> (U0/Mcount_count_cy<6>)
     MUXCY:CI->O           1   0.019   0.000  U0/Mcount_count_cy<7> (U0/Mcount_count_cy<7>)
     MUXCY:CI->O           1   0.019   0.000  U0/Mcount_count_cy<8> (U0/Mcount_count_cy<8>)
     MUXCY:CI->O           1   0.019   0.000  U0/Mcount_count_cy<9> (U0/Mcount_count_cy<9>)
     MUXCY:CI->O           1   0.019   0.000  U0/Mcount_count_cy<10> (U0/Mcount_count_cy<10>)
     MUXCY:CI->O           1   0.019   0.000  U0/Mcount_count_cy<11> (U0/Mcount_count_cy<11>)
     MUXCY:CI->O           1   0.019   0.000  U0/Mcount_count_cy<12> (U0/Mcount_count_cy<12>)
     MUXCY:CI->O           1   0.019   0.000  U0/Mcount_count_cy<13> (U0/Mcount_count_cy<13>)
     MUXCY:CI->O           1   0.019   0.000  U0/Mcount_count_cy<14> (U0/Mcount_count_cy<14>)
     MUXCY:CI->O           1   0.019   0.000  U0/Mcount_count_cy<15> (U0/Mcount_count_cy<15>)
     MUXCY:CI->O           1   0.019   0.000  U0/Mcount_count_cy<16> (U0/Mcount_count_cy<16>)
     XORCY:CI->O           1   0.180   0.924  U0/Mcount_count_xor<17> (Result<17>)
     LUT5:I0->O            1   0.203   0.000  U0/count_17_rstpot (U0/count_17_rstpot)
     FD:D                      0.102          U0/count_17
    ----------------------------------------
    Total                      3.188ns (1.614ns logic, 1.574ns route)
                                       (50.6% logic, 49.4% route)

=========================================================================
Timing constraint: Default OFFSET IN BEFORE for Clock 'U0/clock_half'
  Total number of paths / destination ports: 32 / 8
-------------------------------------------------------------------------
Offset:              3.521ns (Levels of Logic = 2)
  Source:            P (PAD)
  Destination:       LED_0 (FF)
  Destination Clock: U0/clock_half rising

  Data Path: P to LED_0
                                Gate     Net
    Cell:in->out      fanout   Delay   Delay  Logical Name (Net Name)
    ----------------------------------------  ------------
     IBUF:I->O             2   1.222   0.864  P_IBUF (P_IBUF)
     LUT4:I0->O            8   0.203   0.802  Unlock_inv1 (Unlock_inv)
     FDR:R                     0.430          LED_0
    ----------------------------------------
    Total                      3.521ns (1.855ns logic, 1.666ns route)
                                       (52.7% logic, 47.3% route)

=========================================================================
Timing constraint: Default OFFSET OUT AFTER for Clock 'U0/clock_half'
  Total number of paths / destination ports: 8 / 8
-------------------------------------------------------------------------
Offset:              3.634ns (Levels of Logic = 1)
  Source:            LED_7 (FF)
  Destination:       LED<7> (PAD)
  Source Clock:      U0/clock_half rising

  Data Path: LED_7 to LED<7>
                                Gate     Net
    Cell:in->out      fanout   Delay   Delay  Logical Name (Net Name)
    ----------------------------------------  ------------
     FDR:C->Q              2   0.447   0.616  LED_7 (LED_7)
     OBUF:I->O                 2.571          LED_7_OBUF (LED<7>)
    ----------------------------------------
    Total                      3.634ns (3.018ns logic, 0.616ns route)
                                       (83.0% logic, 17.0% route)

=========================================================================
Timing constraint: Default path analysis
  Total number of paths / destination ports: 4 / 1
-------------------------------------------------------------------------
Delay:               5.439ns (Levels of Logic = 3)
  Source:            P (PAD)
  Destination:       Unlock (PAD)

  Data Path: P to Unlock
                                Gate     Net
    Cell:in->out      fanout   Delay   Delay  Logical Name (Net Name)
    ----------------------------------------  ------------
     IBUF:I->O             2   1.222   0.864  P_IBUF (P_IBUF)
     LUT4:I0->O            1   0.203   0.579  Unlock1 (Unlock_OBUF)
     OBUF:I->O                 2.571          Unlock_OBUF (Unlock)
    ----------------------------------------
    Total                      5.439ns (3.996ns logic, 1.443ns route)
                                       (73.5% logic, 26.5% route)

=========================================================================

Cross Clock Domains Report:
--------------------------

Clock to Setup on destination clock U0/clock_half
---------------+---------+---------+---------+---------+
               | Src:Rise| Src:Fall| Src:Rise| Src:Fall|
Source Clock   |Dest:Rise|Dest:Rise|Dest:Fall|Dest:Fall|
---------------+---------+---------+---------+---------+
U0/clock_half  |    1.950|         |         |         |
---------------+---------+---------+---------+---------+

Clock to Setup on destination clock clk
---------------+---------+---------+---------+---------+
               | Src:Rise| Src:Fall| Src:Rise| Src:Fall|
Source Clock   |Dest:Rise|Dest:Rise|Dest:Fall|Dest:Fall|
---------------+---------+---------+---------+---------+
clk            |    3.188|         |         |         |
---------------+---------+---------+---------+---------+

=========================================================================


Total REAL time to Xst completion: 7.00 secs
Total CPU time to Xst completion: 6.92 secs
 
--> 

Total memory usage is 4501868 kilobytes

Number of errors   :    0 (   0 filtered)
Number of warnings :    0 (   0 filtered)
Number of infos    :    1 (   0 filtered)

