
****** PlanAhead v14.7 (64-bit)
  **** Build 321239 by xbuild on Fri Sep 27 19:29:51 MDT 2013
    ** Copyright 1986-1999, 2001-2013 Xilinx, Inc. All Rights Reserved.

INFO: [Common 17-78] Attempting to get a license: PlanAhead
INFO: [Common 17-290] Got license for PlanAhead
INFO: [Device 21-36] Loading parts and site information from C:/Xilinx/14.7/ISE_DS/PlanAhead/data/parts/arch.xml
Parsing RTL primitives file [C:/Xilinx/14.7/ISE_DS/PlanAhead/data/parts/xilinx/rtl/prims/rtl_prims.xml]
Finished parsing RTL primitives file [C:/Xilinx/14.7/ISE_DS/PlanAhead/data/parts/xilinx/rtl/prims/rtl_prims.xml]
start_gui
source C:/Users/sgpma/Downloads/Projects/Bank_Vault_Lock_Controller/pa.fromNetlist.tcl
# create_project -name Bank_Vault_Lock_Controller -dir "C:/Users/sgpma/Downloads/Projects/Bank_Vault_Lock_Controller/planAhead_run_1" -part xc6slx9tqg144-3
# set_property design_mode GateLvl [get_property srcset [current_run -impl]]
# set_property edif_top_file "C:/Users/sgpma/Downloads/Projects/Bank_Vault_Lock_Controller/bank_vault_lock_controller.ngc" [ get_property srcset [ current_run ] ]
# add_files -norecurse { {C:/Users/sgpma/Downloads/Projects/Bank_Vault_Lock_Controller} }
# set_param project.pinAheadLayout  yes
# set_property target_constrs_file "bank_vault_lock_controller.ucf" [current_fileset -constrset]
Adding file 'C:/Users/sgpma/Downloads/Projects/Bank_Vault_Lock_Controller/bank_vault_lock_controller.ucf' to fileset 'constrs_1'
# add_files [list {bank_vault_lock_controller.ucf}] -fileset [get_property constrset [current_run]]
# link_design
Design is defaulting to srcset: sources_1
Design is defaulting to constrset: constrs_1
Design is defaulting to project part: xc6slx9tqg144-3
Release 14.7 - ngc2edif P.20131013 (nt64)
Copyright (c) 1995-2013 Xilinx, Inc.  All rights reserved.
Reading design bank_vault_lock_controller.ngc ...
WARNING:NetListWriters:298 - No output is written to
   bank_vault_lock_controller.xncf, ignored.
Processing design ...
   Preping design's networks ...
   Preping design's macros ...
  finished :Prep
Writing EDIF netlist file bank_vault_lock_controller.edif ...
ngc2edif: Total memory usage is 4324280 kilobytes

Parsing EDIF File [./planAhead_run_1/Bank_Vault_Lock_Controller.data/cache/bank_vault_lock_controller_ngc_zx.edif]
Finished Parsing EDIF File [./planAhead_run_1/Bank_Vault_Lock_Controller.data/cache/bank_vault_lock_controller_ngc_zx.edif]
INFO: [Netlist 29-17] Analyzing 1 Unisim elements for replacement
INFO: [Netlist 29-28] Unisim Transformation completed in 0 CPU seconds
Loading clock regions from C:/Xilinx/14.7/ISE_DS/PlanAhead/data\parts/xilinx/spartan6/spartan6lx/xc6slx9/ClockRegion.xml
Loading clock buffers from C:/Xilinx/14.7/ISE_DS/PlanAhead/data\parts/xilinx/spartan6/spartan6lx/xc6slx9/ClockBuffers.xml
Loading package pin functions from C:/Xilinx/14.7/ISE_DS/PlanAhead/data\parts/xilinx/spartan6/PinFunctions.xml...
Loading package from C:/Xilinx/14.7/ISE_DS/PlanAhead/data\parts/xilinx/spartan6/spartan6lx/xc6slx9/tqg144/Package.xml
Loading io standards from C:/Xilinx/14.7/ISE_DS/PlanAhead/data\./parts/xilinx/spartan6/IOStandards.xml
Loading device configuration modes from C:/Xilinx/14.7/ISE_DS/PlanAhead/data\parts/xilinx/spartan6/ConfigModes.xml
Loading list of drcs for the architecture : C:/Xilinx/14.7/ISE_DS/PlanAhead/data\./parts/xilinx/spartan6/drc.xml
Parsing UCF File [C:/Users/sgpma/Downloads/Projects/Bank_Vault_Lock_Controller/bank_vault_lock_controller.ucf]
Finished Parsing UCF File [C:/Users/sgpma/Downloads/Projects/Bank_Vault_Lock_Controller/bank_vault_lock_controller.ucf]
INFO: [Project 1-111] Unisim Transformation Summary:
  A total of 1 instances were transformed.
  BUFGP => BUFGP (IBUF, BUFG): 1 instances

Phase 0 | Netlist Checksum: f6595074
link_design: Time (s): elapsed = 00:00:16 . Memory (MB): peak = 610.266 ; gain = 173.441
startgroup
set_property package_pin P16 [get_ports {LED[7]}]
endgroup
startgroup
set_property package_pin P15 [get_ports {LED[6]}]
endgroup
startgroup
set_property package_pin P12 [get_ports {LED[5]}]
endgroup
startgroup
set_property package_pin P11 [get_ports {LED[4]}]
endgroup
startgroup
set_property package_pin P9 [get_ports {LED[3]}]
endgroup
startgroup
set_property package_pin P8 [get_ports {LED[2]}]
endgroup
startgroup
set_property package_pin P6 [get_ports {LED[1]}]
endgroup
startgroup
set_property package_pin P5 [get_ports {LED[0]}]
endgroup
startgroup
set_property package_pin P82 [get_ports {VP[1]}]
endgroup
startgroup
set_property package_pin P83 [get_ports {VP[0]}]
endgroup
set_property package_pin "" [get_ports [list  Open]]
set_property package_pin "" [get_ports [list  clk]]
startgroup
set_property package_pin P80 [get_ports Open]
endgroup
startgroup
set_property package_pin P81 [get_ports P]
endgroup
startgroup
set_property package_pin P94 [get_ports Unlock]
endgroup
set_property package_pin "" [get_ports [list  clk]]
startgroup
set_property package_pin P87 [get_ports clk]
endgroup
save_constraints
exit
ERROR: [Common 17-39] 'stop_gui' failed due to earlier errors.
INFO: [Common 17-206] Exiting PlanAhead at Fri Sep 11 17:19:23 2026...
INFO: [Common 17-83] Releasing license: PlanAhead
